com/exchange/payingservice/mappers/CardMapperImpl.class
com/exchange/payingservice/entity/Payment.class
com/exchange/payingservice/repository/PaymentRepository.class
com/exchange/payingservice/util/Status.class
com/exchange/payingservice/util/PaymentStatus.class
com/exchange/payingservice/mappers/PaymentsMapper.class
com/exchange/payingservice/dto/StudPaymentDTO.class
com/exchange/payingservice/exceptions/PaymentException.class
com/exchange/payingservice/service/CardServiceImpl.class
com/exchange/payingservice/dto/CardDTO.class
com/exchange/payingservice/repository/CardRepository.class
com/exchange/payingservice/PayingServiceApplication.class
com/exchange/payingservice/util/RestControllerAdvice.class
com/exchange/payingservice/mappers/CardMapper.class
com/exchange/payingservice/util/ValidationErrorResponse.class
com/exchange/payingservice/dto/PaymentDTO.class
com/exchange/payingservice/controllers/CardRestController.class
com/exchange/payingservice/controllers/PaymentRestController.class
com/exchange/payingservice/entity/Card.class
com/exchange/payingservice/dto/StatusCards.class
com/exchange/payingservice/mappers/PaymentsMapperImpl.class
com/exchange/payingservice/service/PaymentService.class
com/exchange/payingservice/service/PaymentServiceImpl.class
com/exchange/payingservice/service/CardService.class
