/Users/pavelkononov/Desktop/Project/paying-service/src/main/java/com/exchange/payingservice/util/PaymentStatus.java
/Users/pavelkononov/Desktop/Project/paying-service/src/main/java/com/exchange/payingservice/mappers/PaymentsMapper.java
/Users/pavelkononov/Desktop/Project/paying-service/src/main/java/com/exchange/payingservice/controllers/CardRestController.java
/Users/pavelkononov/Desktop/Project/paying-service/src/main/java/com/exchange/payingservice/util/ValidationErrorResponse.java
/Users/pavelkononov/Desktop/Project/paying-service/src/main/java/com/exchange/payingservice/controllers/PaymentRestController.java
/Users/pavelkononov/Desktop/Project/paying-service/src/main/java/com/exchange/payingservice/dto/CardDTO.java
/Users/pavelkononov/Desktop/Project/paying-service/src/main/java/com/exchange/payingservice/service/PaymentService.java
/Users/pavelkononov/Desktop/Project/paying-service/src/main/java/com/exchange/payingservice/service/CardService.java
/Users/pavelkononov/Desktop/Project/paying-service/src/main/java/com/exchange/payingservice/dto/StatusCards.java
/Users/pavelkononov/Desktop/Project/paying-service/src/main/java/com/exchange/payingservice/entity/Card.java
/Users/pavelkononov/Desktop/Project/paying-service/src/main/java/com/exchange/payingservice/repository/PaymentRepository.java
/Users/pavelkononov/Desktop/Project/paying-service/src/main/java/com/exchange/payingservice/exceptions/PaymentException.java
/Users/pavelkononov/Desktop/Project/paying-service/src/main/java/com/exchange/payingservice/repository/CardRepository.java
/Users/pavelkononov/Desktop/Project/paying-service/src/main/java/com/exchange/payingservice/dto/StudPaymentDTO.java
/Users/pavelkononov/Desktop/Project/paying-service/src/main/java/com/exchange/payingservice/mappers/CardMapper.java
/Users/pavelkononov/Desktop/Project/paying-service/src/main/java/com/exchange/payingservice/util/Status.java
/Users/pavelkononov/Desktop/Project/paying-service/src/main/java/com/exchange/payingservice/util/RestControllerAdvice.java
/Users/pavelkononov/Desktop/Project/paying-service/src/main/java/com/exchange/payingservice/PayingServiceApplication.java
/Users/pavelkononov/Desktop/Project/paying-service/src/main/java/com/exchange/payingservice/entity/Payment.java
/Users/pavelkononov/Desktop/Project/paying-service/src/main/java/com/exchange/payingservice/service/PaymentServiceImpl.java
/Users/pavelkononov/Desktop/Project/paying-service/src/main/java/com/exchange/payingservice/service/CardServiceImpl.java
/Users/pavelkononov/Desktop/Project/paying-service/src/main/java/com/exchange/payingservice/dto/PaymentDTO.java
